// Jest Snapshot v1, https://goo.gl/fbAQLP

exports[`TodoList snapshot 1`] = `
<div
  className="sc-bwzfXH gbieAY"
>
  <div
    className="sc-bdVaJa cvGKIk"
  >
    <input
      onChange={[Function]}
      type="checkbox"
      value="false"
    />
    <span>
      test
    </span>
  </div>
</div>
`;
